LTspice 24.0.12 for Windows
Circuit: * C:\Users\29663\ingen-intern\wk6\OTA.asc
Start Time: Sun Jul 26 23:58:17 2026
solver = Normal
Maximum thread count: 16
tnom = 27
temp = 27
method = modified trap
WARNING: Node N011 is floating.
WARNING: Node N012 is floating.
WARNING: Node N022 is floating.
WARNING: Node N021 is floating.
WARNING: Node N019 is floating.
WARNING: Node N020 is floating.
WARNING: Node N002 is floating.
WARNING: Node N004 is floating.
WARNING: Node N003 is floating.
WARNING: Node N005 is floating.
WARNING: Node N006 is floating.

WARNING: Less than two connections to node n011.  This node is used by m1.
WARNING: Less than two connections to node n012.  This node is used by m2.
WARNING: Less than two connections to node n022.  This node is used by m3.
WARNING: Less than two connections to node n021.  This node is used by m4.
WARNING: Less than two connections to node n019.  This node is used by m7.
WARNING: Less than two connections to node n020.  This node is used by m8.
WARNING: Less than two connections to node n002.  This node is used by m9.
WARNING: Less than two connections to node n004.  This node is used by m10.
WARNING: Less than two connections to node n003.  This node is used by m11.
WARNING: Less than two connections to node n005.  This node is used by m15.
WARNING: Less than two connections to node n006.  This node is used by m16.
Direct Newton iteration failed to find .op point.  (Use ".option noopiter" to skip.)
Starting Gmin stepping
Gmin = 10
Gmin = 1.07374
Gmin = 0.115292
Gmin = 0.0123794
Gmin = 0.00132923
Gmin = 0.000142725
Gmin = 1.5325e-05
Gmin = 1.6455e-06
Gmin = 1.76685e-07
Gmin = 1.89714e-08
Gmin = 2.03704e-09
Gmin = 2.18725e-10
Gmin = 2.34854e-11
Gmin = 2.52173e-12
Gmin = 2.70769e-13
Gmin = 0
Gmin stepping succeeded in finding the operating point.

Total elapsed time: 19.214 seconds.

